Initial SetUp to a Second Remote Computer

Though we first create directory then the following steps follows;
user@WYCLIFFE MINGW64 ~/Desktop/Remote Cont
$ git init
Initialized empty Git repository in C:/Users/user/Desktop/Remote Cont/.git/

user@WYCLIFFE MINGW64 ~/Desktop/Remote Cont (master)
$ git pull https://github.com/Eric-Omondi/mywebsite.git
remote: Enumerating objects: 19, done.
remote: Counting objects: 100% (19/19), done.
remote: Compressing objects: 100% (15/15), done.
remote: Total 19 (delta 5), reused 17 (delta 3), pack-reused 0
Unpacking objects: 100% (19/19), 1.50 MiB | 271.00 KiB/s, done.
From https://github.com/Eric-Omondi/mywebsite
 * branch            HEAD       -> FETCH_HEAD

user@WYCLIFFE MINGW64 ~/Desktop/Remote Cont (master)
$ git status
On branch master
Changes not staged for commit:
  (use "git add <file>..." to update what will be committed)
  (use "git restore <file>..." to discard changes in working directory)
        modified:   mysite.html

no changes added to commit (use "git add" and/or "git commit -a")

user@WYCLIFFE MINGW64 ~/Desktop/Remote Cont (master)
$ git add .

user@WYCLIFFE MINGW64 ~/Desktop/Remote Cont (master)
$ git commit -m "changes made"
[master 16788d7] changes made
 1 file changed, 2 insertions(+), 5 deletions(-)

user@WYCLIFFE MINGW64 ~/Desktop/Remote Cont (master)
$ git status
On branch master
nothing to commit, working tree clean

user@WYCLIFFE MINGW64 ~/Desktop/Remote Cont (master)
$ git remote add origin https://github.com/Eric-Omondi/mywebsite.git

user@WYCLIFFE MINGW64 ~/Desktop/Remote Cont (master)
$ git remote -v
origin  https://github.com/Eric-Omondi/mywebsite.git (fetch)
origin  https://github.com/Eric-Omondi/mywebsite.git (push)

user@WYCLIFFE MINGW64 ~/Desktop/Remote Cont (master)
$ git push -u origin master
Enumerating objects: 5, done.
Counting objects: 100% (5/5), done.



Further Editing
user@WYCLIFFE MINGW64 ~/Desktop/Remote Cont (master)
$ git status
On branch master
Your branch is up to date with 'origin/master'.

Changes not staged for commit:
  (use "git add <file>..." to update what will be committed)
  (use "git restore <file>..." to discard changes in working directory)
        modified:   mysite.html

no changes added to commit (use "git add" and/or "git commit -a")

user@WYCLIFFE MINGW64 ~/Desktop/Remote Cont (master)
$ git add .

user@WYCLIFFE MINGW64 ~/Desktop/Remote Cont (master)
$ git commit -m "further changes"
[master c72180b] further changes
 1 file changed, 2 insertions(+), 3 deletions(-)

user@WYCLIFFE MINGW64 ~/Desktop/Remote Cont (master)
$ git remote -v
origin  https://github.com/Eric-Omondi/mywebsite.git (fetch)
origin  https://github.com/Eric-Omondi/mywebsite.git (push)

user@WYCLIFFE MINGW64 ~/Desktop/Remote Cont (master)
$ git push -u origin master
Enumerating objects: 5, done.
Counting objects: 100% (5/5), done.
Delta compression using up to 4 threads
Compressing objects: 100% (3/3), done.
Writing objects: 100% (3/3), 299 bytes | 299.00 KiB/s, done.
Total 3 (delta 2), reused 0 (delta 0), pack-reused 0
remote: Resolving deltas: 100% (2/2), completed with 2 local objects.
To https://github.com/Eric-Omondi/mywebsite.git
   16788d7..c72180b  master -> master
branch 'master' set up to track 'origin/master'.

user@WYCLIFFE MINGW64 ~/Desktop/Remote Cont (master)
$


REVISED VERSION

user@WYCLIFFE MINGW64 ~/Desktop/mywebsite
$ git status
fatal: not a git repository (or any of the parent directories): .git

user@WYCLIFFE MINGW64 ~/Desktop/mywebsite
$ git init
Initialized empty Git repository in C:/Users/user/Desktop/mywebsite/.git/

user@WYCLIFFE MINGW64 ~/Desktop/mywebsite (master)
$ git pull https://github.com/Eric-Omondi/mywebsite.git
remote: Enumerating objects: 34, done.
remote: Counting objects: 100% (34/34), done.
remote: Compressing objects: 100% (26/26), done.
remote: Total 34 (delta 12), reused 29 (delta 7), pack-reused 0
Unpacking objects: 100% (34/34), 1.51 MiB | 225.00 KiB/s, done.
From https://github.com/Eric-Omondi/mywebsite
 * branch            HEAD       -> FETCH_HEAD

user@WYCLIFFE MINGW64 ~/Desktop/mywebsite (master)
$ git status
On branch master
Changes not staged for commit:
  (use "git add <file>..." to update what will be committed)
  (use "git restore <file>..." to discard changes in working directory)
        modified:   mysite.html

no changes added to commit (use "git add" and/or "git commit -a")

user@WYCLIFFE MINGW64 ~/Desktop/mywebsite (master)
$ git add .

user@WYCLIFFE MINGW64 ~/Desktop/mywebsite (master)
$ git status
On branch master
Changes to be committed:
  (use "git restore --staged <file>..." to unstage)
        modified:   mysite.html


user@WYCLIFFE MINGW64 ~/Desktop/mywebsite (master)
$ git commit -m "name update"
[master d975d82] name update
 1 file changed, 1 insertion(+), 1 deletion(-)

user@WYCLIFFE MINGW64 ~/Desktop/mywebsite (master)
$ git status
On branch master
nothing to commit, working tree clean

user@WYCLIFFE MINGW64 ~/Desktop/mywebsite (master)
$ git remote add origin https://github.com/Eric-Omondi/mywebsite.git

user@WYCLIFFE MINGW64 ~/Desktop/mywebsite (master)
$ git remote -v
origin  https://github.com/Eric-Omondi/mywebsite.git (fetch)
origin  https://github.com/Eric-Omondi/mywebsite.git (push)

user@WYCLIFFE MINGW64 ~/Desktop/mywebsite (master)
$ git push origin master
Enumerating objects: 5, done.
Counting objects: 100% (5/5), done.
Delta compression using up to 4 threads
Compressing objects: 100% (3/3), done.
Writing objects: 100% (3/3), 297 bytes | 148.00 KiB/s, done.
Total 3 (delta 2), reused 0 (delta 0), pack-reused 0
remote: Resolving deltas: 100% (2/2), completed with 2 local objects.
To https://github.com/Eric-Omondi/mywebsite.git
   d0d447b..d975d82  master -> master

user@WYCLIFFE MINGW64 ~/Desktop/mywebsite (master)
$ git status
On branch master
nothing to commit, working tree clean

user@WYCLIFFE MINGW64 ~/Desktop/mywebsite (master)
$ ^C

user@WYCLIFFE MINGW64 ~/Desktop/mywebsite (master)
$



















